// Jest Snapshot v1, https://jestjs.io/docs/snapshot-testing

exports[`OpenAPI contract matches the committed OpenAPI snapshot 1`] = `
{
  "components": {
    "parameters": undefined,
    "responses": undefined,
    "schemas": {
      "ApiErrorResponseDto": {
        "properties": {},
        "type": "object",
      },
      "CreateApiKeyDto": {
        "properties": {
          "id": {
            "type": "string",
          },
          "key": {
            "type": "string",
          },
          "keyPrefix": {
            "type": "string",
          },
          "name": {
            "type": "string",
          },
          "scopes": {
            "example": [
              "internal:read",
            ],
            "items": {
              "type": "string",
            },
            "type": "array",
          },
        },
        "required": [
          "name",
          "scopes",
          "id",
          "key",
          "keyPrefix",
        ],
        "type": "object",
      },
      "FileUploadResponseDto": {
        "properties": {
          "key": {
            "example": "a1b2c3d4-e5f6-7890-abcd-ef1234567890-document.pdf",
            "type": "string",
          },
          "url": {
            "example": "http://localhost:9000/uploads/a1b2c3d4-document.pdf",
            "type": "string",
          },
        },
        "required": [
          "key",
          "url",
        ],
        "type": "object",
      },
      "ForgotPasswordDto": {
        "properties": {
          "email": {
            "example": "user@example.com",
            "type": "string",
          },
        },
        "required": [
          "email",
        ],
        "type": "object",
      },
      "HealthSummaryResponseDto": {
        "properties": {
          "service": {
            "example": "nestjs-api-template",
            "type": "string",
          },
          "status": {
            "example": "ok",
            "type": "string",
          },
        },
        "required": [
          "status",
          "service",
        ],
        "type": "object",
      },
      "LoginDto": {
        "properties": {
          "email": {
            "example": "user@example.com",
            "type": "string",
          },
          "password": {
            "example": "password123",
            "type": "string",
          },
        },
        "required": [
          "email",
          "password",
        ],
        "type": "object",
      },
      "LoginResponseDto": {
        "properties": {
          "accessToken": {
            "type": "string",
          },
          "expiresIn": {
            "type": "string",
          },
          "mfaRequired": {
            "type": "boolean",
          },
          "mfaToken": {
            "type": "string",
          },
          "refreshToken": {
            "type": "string",
          },
        },
        "type": "object",
      },
      "LogoutResponseDto": {
        "properties": {
          "success": {
            "example": true,
            "type": "boolean",
          },
        },
        "required": [
          "success",
        ],
        "type": "object",
      },
      "MfaChallengeDto": {
        "properties": {
          "code": {
            "example": "123456",
            "type": "string",
          },
          "mfaToken": {
            "type": "string",
          },
        },
        "required": [
          "mfaToken",
          "code",
        ],
        "type": "object",
      },
      "MfaSetupResponseDto": {
        "properties": {
          "otpauthUri": {
            "type": "string",
          },
          "qrCodeDataUrl": {
            "type": "string",
          },
        },
        "required": [
          "otpauthUri",
          "qrCodeDataUrl",
        ],
        "type": "object",
      },
      "MfaVerifyDto": {
        "properties": {
          "code": {
            "example": "123456",
            "type": "string",
          },
        },
        "required": [
          "code",
        ],
        "type": "object",
      },
      "PaginatedResponseDto": {
        "properties": {
          "items": {
            "items": {
              "type": "array",
            },
            "type": "array",
          },
          "page": {
            "example": 1,
            "type": "number",
          },
          "perPage": {
            "example": 20,
            "type": "number",
          },
          "total": {
            "example": 100,
            "type": "number",
          },
          "totalPages": {
            "example": 5,
            "type": "number",
          },
        },
        "required": [
          "items",
          "total",
          "page",
          "perPage",
          "totalPages",
        ],
        "type": "object",
      },
      "RefreshTokenDto": {
        "properties": {
          "refreshToken": {
            "type": "string",
          },
        },
        "required": [
          "refreshToken",
        ],
        "type": "object",
      },
      "RegisterDto": {
        "properties": {
          "email": {
            "example": "user@example.com",
            "type": "string",
          },
          "name": {
            "example": "Jane Doe",
            "type": "string",
          },
          "password": {
            "example": "password123",
            "type": "string",
          },
        },
        "required": [
          "name",
          "email",
          "password",
        ],
        "type": "object",
      },
      "ResetPasswordDto": {
        "properties": {
          "newPassword": {
            "type": "string",
          },
          "token": {
            "type": "string",
          },
        },
        "required": [
          "token",
          "newPassword",
        ],
        "type": "object",
      },
      "ResponseMetaDto": {
        "properties": {},
        "type": "object",
      },
      "TokenResponseDto": {
        "properties": {
          "accessToken": {
            "type": "string",
          },
          "expiresIn": {
            "example": "15m",
            "type": "string",
          },
          "refreshToken": {
            "type": "string",
          },
        },
        "required": [
          "accessToken",
          "refreshToken",
          "expiresIn",
        ],
        "type": "object",
      },
      "UpdateUserDto": {
        "properties": {
          "email": {
            "example": "user@example.com",
            "type": "string",
          },
          "name": {
            "example": "Jane Doe",
            "type": "string",
          },
          "version": {
            "description": "Optimistic-lock version from GET /users/me",
            "example": 1,
            "type": "number",
          },
        },
        "required": [
          "version",
        ],
        "type": "object",
      },
      "UserResponseDto": {
        "properties": {
          "createdAt": {
            "example": "2024-01-01T00:00:00.000Z",
            "format": "date-time",
            "type": "string",
          },
          "email": {
            "example": "user@example.com",
            "type": "string",
          },
          "id": {
            "example": "3f2504e0-4f89-11d3-9a0c-0305e82c3301",
            "type": "string",
          },
          "name": {
            "example": "Jane Doe",
            "type": "string",
          },
          "permissions": {
            "example": [],
            "items": {
              "type": "string",
            },
            "type": "array",
          },
          "roles": {
            "example": [
              "user",
            ],
            "items": {
              "type": "string",
            },
            "type": "array",
          },
          "updatedAt": {
            "example": "2024-01-02T00:00:00.000Z",
            "format": "date-time",
            "type": "string",
          },
          "version": {
            "example": 1,
            "type": "number",
          },
        },
        "required": [
          "id",
          "name",
          "email",
        ],
        "type": "object",
      },
      "VerifyEmailDto": {
        "properties": {
          "token": {
            "type": "string",
          },
        },
        "required": [
          "token",
        ],
        "type": "object",
      },
    },
    "securitySchemes": {
      "access-token": {
        "bearerFormat": "JWT",
        "in": "header",
        "scheme": "bearer",
        "type": "http",
      },
    },
  },
  "info": {
    "contact": {},
    "description": "REST API documentation",
    "title": "NestJS API Template",
    "version": "1.0.0",
  },
  "openapi": "3.0.0",
  "paths": {
    "/api/v1/admin/api-keys": {
      "post": {
        "operationId": "AdminController_create",
        "parameters": [],
        "requestBody": {
          "content": {
            "application/json": {
              "schema": {
                "$ref": "#/components/schemas/CreateApiKeyDto",
              },
            },
          },
          "required": true,
        },
        "responses": {
          "200": {
            "content": {
              "application/json": {
                "schema": {
                  "properties": {
                    "data": {
                      "$ref": "#/components/schemas/CreateApiKeyDto",
                    },
                    "message": {
                      "example": "Request successful",
                      "type": "string",
                    },
                    "meta": {
                      "$ref": "#/components/schemas/ResponseMetaDto",
                    },
                    "success": {
                      "example": true,
                      "type": "boolean",
                    },
                  },
                  "required": [
                    "success",
                    "message",
                  ],
                  "type": "object",
                },
              },
            },
            "description": "API key created",
          },
          "400": {
            "content": {
              "application/json": {
                "schema": {
                  "$ref": "#/components/schemas/ApiErrorResponseDto",
                },
              },
            },
            "description": "",
          },
          "401": {
            "content": {
              "application/json": {
                "schema": {
                  "$ref": "#/components/schemas/ApiErrorResponseDto",
                },
              },
            },
            "description": "",
          },
          "403": {
            "content": {
              "application/json": {
                "schema": {
                  "$ref": "#/components/schemas/ApiErrorResponseDto",
                },
              },
            },
            "description": "",
          },
          "409": {
            "content": {
              "application/json": {
                "schema": {
                  "$ref": "#/components/schemas/ApiErrorResponseDto",
                },
              },
            },
            "description": "",
          },
          "500": {
            "content": {
              "application/json": {
                "schema": {
                  "$ref": "#/components/schemas/ApiErrorResponseDto",
                },
              },
            },
            "description": "",
          },
        },
        "security": [
          {
            "access-token": [],
          },
        ],
        "tags": [
          "admin",
        ],
      },
    },
    "/api/v1/auth/forgot-password": {
      "post": {
        "operationId": "AuthController_forgotPassword",
        "parameters": [],
        "requestBody": {
          "content": {
            "application/json": {
              "schema": {
                "$ref": "#/components/schemas/ForgotPasswordDto",
              },
            },
          },
          "required": true,
        },
        "responses": {
          "200": {
            "content": {
              "application/json": {
                "schema": {
                  "properties": {
                    "data": {
                      "$ref": "#/components/schemas/LogoutResponseDto",
                    },
                    "message": {
                      "example": "Request successful",
                      "type": "string",
                    },
                    "meta": {
                      "$ref": "#/components/schemas/ResponseMetaDto",
                    },
                    "success": {
                      "example": true,
                      "type": "boolean",
                    },
                  },
                  "required": [
                    "success",
                    "message",
                  ],
                  "type": "object",
                },
              },
            },
            "description": "",
          },
          "400": {
            "content": {
              "application/json": {
                "schema": {
                  "$ref": "#/components/schemas/ApiErrorResponseDto",
                },
              },
            },
            "description": "",
          },
          "401": {
            "content": {
              "application/json": {
                "schema": {
                  "$ref": "#/components/schemas/ApiErrorResponseDto",
                },
              },
            },
            "description": "",
          },
          "403": {
            "content": {
              "application/json": {
                "schema": {
                  "$ref": "#/components/schemas/ApiErrorResponseDto",
                },
              },
            },
            "description": "",
          },
          "409": {
            "content": {
              "application/json": {
                "schema": {
                  "$ref": "#/components/schemas/ApiErrorResponseDto",
                },
              },
            },
            "description": "",
          },
          "500": {
            "content": {
              "application/json": {
                "schema": {
                  "$ref": "#/components/schemas/ApiErrorResponseDto",
                },
              },
            },
            "description": "",
          },
        },
        "tags": [
          "auth",
        ],
      },
    },
    "/api/v1/auth/login": {
      "post": {
        "operationId": "AuthController_login",
        "parameters": [],
        "requestBody": {
          "content": {
            "application/json": {
              "schema": {
                "$ref": "#/components/schemas/LoginDto",
              },
            },
          },
          "required": true,
        },
        "responses": {
          "200": {
            "content": {
              "application/json": {
                "schema": {
                  "properties": {
                    "data": {
                      "$ref": "#/components/schemas/LoginResponseDto",
                    },
                    "message": {
                      "example": "Request successful",
                      "type": "string",
                    },
                    "meta": {
                      "$ref": "#/components/schemas/ResponseMetaDto",
                    },
                    "success": {
                      "example": true,
                      "type": "boolean",
                    },
                  },
                  "required": [
                    "success",
                    "message",
                  ],
                  "type": "object",
                },
              },
            },
            "description": "",
          },
          "400": {
            "content": {
              "application/json": {
                "schema": {
                  "$ref": "#/components/schemas/ApiErrorResponseDto",
                },
              },
            },
            "description": "",
          },
          "401": {
            "content": {
              "application/json": {
                "schema": {
                  "$ref": "#/components/schemas/ApiErrorResponseDto",
                },
              },
            },
            "description": "",
          },
          "403": {
            "content": {
              "application/json": {
                "schema": {
                  "$ref": "#/components/schemas/ApiErrorResponseDto",
                },
              },
            },
            "description": "",
          },
          "409": {
            "content": {
              "application/json": {
                "schema": {
                  "$ref": "#/components/schemas/ApiErrorResponseDto",
                },
              },
            },
            "description": "",
          },
          "500": {
            "content": {
              "application/json": {
                "schema": {
                  "$ref": "#/components/schemas/ApiErrorResponseDto",
                },
              },
            },
            "description": "",
          },
        },
        "tags": [
          "auth",
        ],
      },
    },
    "/api/v1/auth/logout": {
      "post": {
        "operationId": "AuthController_logout",
        "parameters": [],
        "requestBody": {
          "content": {
            "application/json": {
              "schema": {
                "$ref": "#/components/schemas/RefreshTokenDto",
              },
            },
          },
          "required": true,
        },
        "responses": {
          "200": {
            "content": {
              "application/json": {
                "schema": {
                  "properties": {
                    "data": {
                      "$ref": "#/components/schemas/LogoutResponseDto",
                    },
                    "message": {
                      "example": "Request successful",
                      "type": "string",
                    },
                    "meta": {
                      "$ref": "#/components/schemas/ResponseMetaDto",
                    },
                    "success": {
                      "example": true,
                      "type": "boolean",
                    },
                  },
                  "required": [
                    "success",
                    "message",
                  ],
                  "type": "object",
                },
              },
            },
            "description": "Session ended successfully",
          },
          "400": {
            "content": {
              "application/json": {
                "schema": {
                  "$ref": "#/components/schemas/ApiErrorResponseDto",
                },
              },
            },
            "description": "",
          },
          "401": {
            "content": {
              "application/json": {
                "schema": {
                  "$ref": "#/components/schemas/ApiErrorResponseDto",
                },
              },
            },
            "description": "",
          },
          "403": {
            "content": {
              "application/json": {
                "schema": {
                  "$ref": "#/components/schemas/ApiErrorResponseDto",
                },
              },
            },
            "description": "",
          },
          "409": {
            "content": {
              "application/json": {
                "schema": {
                  "$ref": "#/components/schemas/ApiErrorResponseDto",
                },
              },
            },
            "description": "",
          },
          "500": {
            "content": {
              "application/json": {
                "schema": {
                  "$ref": "#/components/schemas/ApiErrorResponseDto",
                },
              },
            },
            "description": "",
          },
        },
        "security": [
          {
            "access-token": [],
          },
        ],
        "tags": [
          "auth",
        ],
      },
    },
    "/api/v1/auth/mfa/challenge": {
      "post": {
        "operationId": "AuthController_mfaChallenge",
        "parameters": [],
        "requestBody": {
          "content": {
            "application/json": {
              "schema": {
                "$ref": "#/components/schemas/MfaChallengeDto",
              },
            },
          },
          "required": true,
        },
        "responses": {
          "200": {
            "content": {
              "application/json": {
                "schema": {
                  "properties": {
                    "data": {
                      "$ref": "#/components/schemas/TokenResponseDto",
                    },
                    "message": {
                      "example": "Request successful",
                      "type": "string",
                    },
                    "meta": {
                      "$ref": "#/components/schemas/ResponseMetaDto",
                    },
                    "success": {
                      "example": true,
                      "type": "boolean",
                    },
                  },
                  "required": [
                    "success",
                    "message",
                  ],
                  "type": "object",
                },
              },
            },
            "description": "",
          },
          "400": {
            "content": {
              "application/json": {
                "schema": {
                  "$ref": "#/components/schemas/ApiErrorResponseDto",
                },
              },
            },
            "description": "",
          },
          "401": {
            "content": {
              "application/json": {
                "schema": {
                  "$ref": "#/components/schemas/ApiErrorResponseDto",
                },
              },
            },
            "description": "",
          },
          "403": {
            "content": {
              "application/json": {
                "schema": {
                  "$ref": "#/components/schemas/ApiErrorResponseDto",
                },
              },
            },
            "description": "",
          },
          "409": {
            "content": {
              "application/json": {
                "schema": {
                  "$ref": "#/components/schemas/ApiErrorResponseDto",
                },
              },
            },
            "description": "",
          },
          "500": {
            "content": {
              "application/json": {
                "schema": {
                  "$ref": "#/components/schemas/ApiErrorResponseDto",
                },
              },
            },
            "description": "",
          },
        },
        "tags": [
          "auth",
        ],
      },
    },
    "/api/v1/auth/mfa/setup": {
      "post": {
        "operationId": "AuthController_mfaSetup",
        "parameters": [],
        "responses": {
          "200": {
            "content": {
              "application/json": {
                "schema": {
                  "properties": {
                    "data": {
                      "$ref": "#/components/schemas/MfaSetupResponseDto",
                    },
                    "message": {
                      "example": "Request successful",
                      "type": "string",
                    },
                    "meta": {
                      "$ref": "#/components/schemas/ResponseMetaDto",
                    },
                    "success": {
                      "example": true,
                      "type": "boolean",
                    },
                  },
                  "required": [
                    "success",
                    "message",
                  ],
                  "type": "object",
                },
              },
            },
            "description": "",
          },
          "400": {
            "content": {
              "application/json": {
                "schema": {
                  "$ref": "#/components/schemas/ApiErrorResponseDto",
                },
              },
            },
            "description": "",
          },
          "401": {
            "content": {
              "application/json": {
                "schema": {
                  "$ref": "#/components/schemas/ApiErrorResponseDto",
                },
              },
            },
            "description": "",
          },
          "403": {
            "content": {
              "application/json": {
                "schema": {
                  "$ref": "#/components/schemas/ApiErrorResponseDto",
                },
              },
            },
            "description": "",
          },
          "409": {
            "content": {
              "application/json": {
                "schema": {
                  "$ref": "#/components/schemas/ApiErrorResponseDto",
                },
              },
            },
            "description": "",
          },
          "500": {
            "content": {
              "application/json": {
                "schema": {
                  "$ref": "#/components/schemas/ApiErrorResponseDto",
                },
              },
            },
            "description": "",
          },
        },
        "security": [
          {
            "access-token": [],
          },
        ],
        "tags": [
          "auth",
        ],
      },
    },
    "/api/v1/auth/mfa/verify": {
      "post": {
        "operationId": "AuthController_mfaVerify",
        "parameters": [],
        "requestBody": {
          "content": {
            "application/json": {
              "schema": {
                "$ref": "#/components/schemas/MfaVerifyDto",
              },
            },
          },
          "required": true,
        },
        "responses": {
          "200": {
            "content": {
              "application/json": {
                "schema": {
                  "properties": {
                    "data": {
                      "$ref": "#/components/schemas/LogoutResponseDto",
                    },
                    "message": {
                      "example": "Request successful",
                      "type": "string",
                    },
                    "meta": {
                      "$ref": "#/components/schemas/ResponseMetaDto",
                    },
                    "success": {
                      "example": true,
                      "type": "boolean",
                    },
                  },
                  "required": [
                    "success",
                    "message",
                  ],
                  "type": "object",
                },
              },
            },
            "description": "MFA enabled",
          },
          "400": {
            "content": {
              "application/json": {
                "schema": {
                  "$ref": "#/components/schemas/ApiErrorResponseDto",
                },
              },
            },
            "description": "",
          },
          "401": {
            "content": {
              "application/json": {
                "schema": {
                  "$ref": "#/components/schemas/ApiErrorResponseDto",
                },
              },
            },
            "description": "",
          },
          "403": {
            "content": {
              "application/json": {
                "schema": {
                  "$ref": "#/components/schemas/ApiErrorResponseDto",
                },
              },
            },
            "description": "",
          },
          "409": {
            "content": {
              "application/json": {
                "schema": {
                  "$ref": "#/components/schemas/ApiErrorResponseDto",
                },
              },
            },
            "description": "",
          },
          "500": {
            "content": {
              "application/json": {
                "schema": {
                  "$ref": "#/components/schemas/ApiErrorResponseDto",
                },
              },
            },
            "description": "",
          },
        },
        "security": [
          {
            "access-token": [],
          },
        ],
        "tags": [
          "auth",
        ],
      },
    },
    "/api/v1/auth/oidc/{provider}": {
      "get": {
        "operationId": "AuthController_oidcRedirect",
        "parameters": [
          {
            "in": "path",
            "name": "provider",
            "required": true,
            "schema": {
              "type": "string",
            },
          },
        ],
        "responses": {
          "200": {
            "description": "",
          },
        },
        "tags": [
          "auth",
        ],
      },
    },
    "/api/v1/auth/oidc/{provider}/callback": {
      "get": {
        "operationId": "AuthController_oidcCallback",
        "parameters": [
          {
            "in": "path",
            "name": "provider",
            "required": true,
            "schema": {
              "type": "string",
            },
          },
          {
            "in": "query",
            "name": "code",
            "required": true,
            "schema": {
              "type": "string",
            },
          },
        ],
        "responses": {
          "200": {
            "content": {
              "application/json": {
                "schema": {
                  "properties": {
                    "data": {
                      "$ref": "#/components/schemas/TokenResponseDto",
                    },
                    "message": {
                      "example": "Request successful",
                      "type": "string",
                    },
                    "meta": {
                      "$ref": "#/components/schemas/ResponseMetaDto",
                    },
                    "success": {
                      "example": true,
                      "type": "boolean",
                    },
                  },
                  "required": [
                    "success",
                    "message",
                  ],
                  "type": "object",
                },
              },
            },
            "description": "",
          },
        },
        "tags": [
          "auth",
        ],
      },
    },
    "/api/v1/auth/refresh": {
      "post": {
        "operationId": "AuthController_refresh",
        "parameters": [],
        "requestBody": {
          "content": {
            "application/json": {
              "schema": {
                "$ref": "#/components/schemas/RefreshTokenDto",
              },
            },
          },
          "required": true,
        },
        "responses": {
          "200": {
            "content": {
              "application/json": {
                "schema": {
                  "properties": {
                    "data": {
                      "$ref": "#/components/schemas/TokenResponseDto",
                    },
                    "message": {
                      "example": "Request successful",
                      "type": "string",
                    },
                    "meta": {
                      "$ref": "#/components/schemas/ResponseMetaDto",
                    },
                    "success": {
                      "example": true,
                      "type": "boolean",
                    },
                  },
                  "required": [
                    "success",
                    "message",
                  ],
                  "type": "object",
                },
              },
            },
            "description": "",
          },
          "400": {
            "content": {
              "application/json": {
                "schema": {
                  "$ref": "#/components/schemas/ApiErrorResponseDto",
                },
              },
            },
            "description": "",
          },
          "401": {
            "content": {
              "application/json": {
                "schema": {
                  "$ref": "#/components/schemas/ApiErrorResponseDto",
                },
              },
            },
            "description": "",
          },
          "403": {
            "content": {
              "application/json": {
                "schema": {
                  "$ref": "#/components/schemas/ApiErrorResponseDto",
                },
              },
            },
            "description": "",
          },
          "409": {
            "content": {
              "application/json": {
                "schema": {
                  "$ref": "#/components/schemas/ApiErrorResponseDto",
                },
              },
            },
            "description": "",
          },
          "500": {
            "content": {
              "application/json": {
                "schema": {
                  "$ref": "#/components/schemas/ApiErrorResponseDto",
                },
              },
            },
            "description": "",
          },
        },
        "tags": [
          "auth",
        ],
      },
    },
    "/api/v1/auth/register": {
      "post": {
        "operationId": "AuthController_register",
        "parameters": [],
        "requestBody": {
          "content": {
            "application/json": {
              "schema": {
                "$ref": "#/components/schemas/RegisterDto",
              },
            },
          },
          "required": true,
        },
        "responses": {
          "200": {
            "content": {
              "application/json": {
                "schema": {
                  "properties": {
                    "data": {
                      "$ref": "#/components/schemas/TokenResponseDto",
                    },
                    "message": {
                      "example": "Request successful",
                      "type": "string",
                    },
                    "meta": {
                      "$ref": "#/components/schemas/ResponseMetaDto",
                    },
                    "success": {
                      "example": true,
                      "type": "boolean",
                    },
                  },
                  "required": [
                    "success",
                    "message",
                  ],
                  "type": "object",
                },
              },
            },
            "description": "",
          },
          "400": {
            "content": {
              "application/json": {
                "schema": {
                  "$ref": "#/components/schemas/ApiErrorResponseDto",
                },
              },
            },
            "description": "",
          },
          "401": {
            "content": {
              "application/json": {
                "schema": {
                  "$ref": "#/components/schemas/ApiErrorResponseDto",
                },
              },
            },
            "description": "",
          },
          "403": {
            "content": {
              "application/json": {
                "schema": {
                  "$ref": "#/components/schemas/ApiErrorResponseDto",
                },
              },
            },
            "description": "",
          },
          "409": {
            "content": {
              "application/json": {
                "schema": {
                  "$ref": "#/components/schemas/ApiErrorResponseDto",
                },
              },
            },
            "description": "",
          },
          "500": {
            "content": {
              "application/json": {
                "schema": {
                  "$ref": "#/components/schemas/ApiErrorResponseDto",
                },
              },
            },
            "description": "",
          },
        },
        "tags": [
          "auth",
        ],
      },
    },
    "/api/v1/auth/reset-password": {
      "post": {
        "operationId": "AuthController_resetPassword",
        "parameters": [],
        "requestBody": {
          "content": {
            "application/json": {
              "schema": {
                "$ref": "#/components/schemas/ResetPasswordDto",
              },
            },
          },
          "required": true,
        },
        "responses": {
          "200": {
            "content": {
              "application/json": {
                "schema": {
                  "properties": {
                    "data": {
                      "$ref": "#/components/schemas/LogoutResponseDto",
                    },
                    "message": {
                      "example": "Request successful",
                      "type": "string",
                    },
                    "meta": {
                      "$ref": "#/components/schemas/ResponseMetaDto",
                    },
                    "success": {
                      "example": true,
                      "type": "boolean",
                    },
                  },
                  "required": [
                    "success",
                    "message",
                  ],
                  "type": "object",
                },
              },
            },
            "description": "",
          },
          "400": {
            "content": {
              "application/json": {
                "schema": {
                  "$ref": "#/components/schemas/ApiErrorResponseDto",
                },
              },
            },
            "description": "",
          },
          "401": {
            "content": {
              "application/json": {
                "schema": {
                  "$ref": "#/components/schemas/ApiErrorResponseDto",
                },
              },
            },
            "description": "",
          },
          "403": {
            "content": {
              "application/json": {
                "schema": {
                  "$ref": "#/components/schemas/ApiErrorResponseDto",
                },
              },
            },
            "description": "",
          },
          "409": {
            "content": {
              "application/json": {
                "schema": {
                  "$ref": "#/components/schemas/ApiErrorResponseDto",
                },
              },
            },
            "description": "",
          },
          "500": {
            "content": {
              "application/json": {
                "schema": {
                  "$ref": "#/components/schemas/ApiErrorResponseDto",
                },
              },
            },
            "description": "",
          },
        },
        "tags": [
          "auth",
        ],
      },
    },
    "/api/v1/auth/verify-email": {
      "post": {
        "operationId": "AuthController_verifyEmail",
        "parameters": [],
        "requestBody": {
          "content": {
            "application/json": {
              "schema": {
                "$ref": "#/components/schemas/VerifyEmailDto",
              },
            },
          },
          "required": true,
        },
        "responses": {
          "200": {
            "content": {
              "application/json": {
                "schema": {
                  "properties": {
                    "data": {
                      "$ref": "#/components/schemas/LogoutResponseDto",
                    },
                    "message": {
                      "example": "Request successful",
                      "type": "string",
                    },
                    "meta": {
                      "$ref": "#/components/schemas/ResponseMetaDto",
                    },
                    "success": {
                      "example": true,
                      "type": "boolean",
                    },
                  },
                  "required": [
                    "success",
                    "message",
                  ],
                  "type": "object",
                },
              },
            },
            "description": "Email verified",
          },
          "400": {
            "content": {
              "application/json": {
                "schema": {
                  "$ref": "#/components/schemas/ApiErrorResponseDto",
                },
              },
            },
            "description": "",
          },
          "401": {
            "content": {
              "application/json": {
                "schema": {
                  "$ref": "#/components/schemas/ApiErrorResponseDto",
                },
              },
            },
            "description": "",
          },
          "403": {
            "content": {
              "application/json": {
                "schema": {
                  "$ref": "#/components/schemas/ApiErrorResponseDto",
                },
              },
            },
            "description": "",
          },
          "409": {
            "content": {
              "application/json": {
                "schema": {
                  "$ref": "#/components/schemas/ApiErrorResponseDto",
                },
              },
            },
            "description": "",
          },
          "500": {
            "content": {
              "application/json": {
                "schema": {
                  "$ref": "#/components/schemas/ApiErrorResponseDto",
                },
              },
            },
            "description": "",
          },
        },
        "tags": [
          "auth",
        ],
      },
    },
    "/api/v1/files/upload": {
      "post": {
        "operationId": "FilesController_upload",
        "parameters": [],
        "requestBody": {
          "content": {
            "multipart/form-data": {
              "schema": {
                "properties": {
                  "file": {
                    "format": "binary",
                    "type": "string",
                  },
                },
                "type": "object",
              },
            },
          },
          "required": true,
        },
        "responses": {
          "200": {
            "content": {
              "application/json": {
                "schema": {
                  "properties": {
                    "data": {
                      "$ref": "#/components/schemas/FileUploadResponseDto",
                    },
                    "message": {
                      "example": "Request successful",
                      "type": "string",
                    },
                    "meta": {
                      "$ref": "#/components/schemas/ResponseMetaDto",
                    },
                    "success": {
                      "example": true,
                      "type": "boolean",
                    },
                  },
                  "required": [
                    "success",
                    "message",
                  ],
                  "type": "object",
                },
              },
            },
            "description": "Uploaded file metadata",
          },
          "400": {
            "content": {
              "application/json": {
                "schema": {
                  "$ref": "#/components/schemas/ApiErrorResponseDto",
                },
              },
            },
            "description": "",
          },
          "401": {
            "content": {
              "application/json": {
                "schema": {
                  "$ref": "#/components/schemas/ApiErrorResponseDto",
                },
              },
            },
            "description": "",
          },
          "403": {
            "content": {
              "application/json": {
                "schema": {
                  "$ref": "#/components/schemas/ApiErrorResponseDto",
                },
              },
            },
            "description": "",
          },
          "409": {
            "content": {
              "application/json": {
                "schema": {
                  "$ref": "#/components/schemas/ApiErrorResponseDto",
                },
              },
            },
            "description": "",
          },
          "500": {
            "content": {
              "application/json": {
                "schema": {
                  "$ref": "#/components/schemas/ApiErrorResponseDto",
                },
              },
            },
            "description": "",
          },
        },
        "security": [
          {
            "access-token": [],
          },
        ],
        "tags": [
          "files",
        ],
      },
    },
    "/api/v1/internal/health-summary": {
      "get": {
        "operationId": "InternalController_getHealthSummary",
        "parameters": [],
        "responses": {
          "200": {
            "content": {
              "application/json": {
                "schema": {
                  "properties": {
                    "data": {
                      "$ref": "#/components/schemas/HealthSummaryResponseDto",
                    },
                    "message": {
                      "example": "Request successful",
                      "type": "string",
                    },
                    "meta": {
                      "$ref": "#/components/schemas/ResponseMetaDto",
                    },
                    "success": {
                      "example": true,
                      "type": "boolean",
                    },
                  },
                  "required": [
                    "success",
                    "message",
                  ],
                  "type": "object",
                },
              },
            },
            "description": "Service health summary for S2S consumers",
          },
          "400": {
            "content": {
              "application/json": {
                "schema": {
                  "$ref": "#/components/schemas/ApiErrorResponseDto",
                },
              },
            },
            "description": "",
          },
          "401": {
            "content": {
              "application/json": {
                "schema": {
                  "$ref": "#/components/schemas/ApiErrorResponseDto",
                },
              },
            },
            "description": "",
          },
          "403": {
            "content": {
              "application/json": {
                "schema": {
                  "$ref": "#/components/schemas/ApiErrorResponseDto",
                },
              },
            },
            "description": "",
          },
          "409": {
            "content": {
              "application/json": {
                "schema": {
                  "$ref": "#/components/schemas/ApiErrorResponseDto",
                },
              },
            },
            "description": "",
          },
          "500": {
            "content": {
              "application/json": {
                "schema": {
                  "$ref": "#/components/schemas/ApiErrorResponseDto",
                },
              },
            },
            "description": "",
          },
        },
        "tags": [
          "internal",
        ],
      },
    },
    "/api/v1/users": {
      "get": {
        "operationId": "UsersController_list",
        "parameters": [
          {
            "in": "query",
            "name": "page",
            "required": false,
            "schema": {
              "default": 1,
              "example": 1,
              "minimum": 1,
              "type": "number",
            },
          },
          {
            "in": "query",
            "name": "perPage",
            "required": false,
            "schema": {
              "default": 20,
              "example": 20,
              "maximum": 100,
              "minimum": 1,
              "type": "number",
            },
          },
        ],
        "responses": {
          "200": {
            "content": {
              "application/json": {
                "schema": {
                  "properties": {
                    "data": {
                      "allOf": [
                        {
                          "$ref": "#/components/schemas/PaginatedResponseDto",
                        },
                        {
                          "properties": {
                            "items": {
                              "items": {
                                "$ref": "#/components/schemas/UserResponseDto",
                              },
                              "type": "array",
                            },
                          },
                        },
                      ],
                    },
                    "message": {
                      "example": "Request successful",
                      "type": "string",
                    },
                    "meta": {
                      "$ref": "#/components/schemas/ResponseMetaDto",
                    },
                    "success": {
                      "example": true,
                      "type": "boolean",
                    },
                  },
                  "required": [
                    "success",
                    "message",
                  ],
                  "type": "object",
                },
              },
            },
            "description": "Paginated user list",
          },
          "400": {
            "content": {
              "application/json": {
                "schema": {
                  "$ref": "#/components/schemas/ApiErrorResponseDto",
                },
              },
            },
            "description": "",
          },
          "401": {
            "content": {
              "application/json": {
                "schema": {
                  "$ref": "#/components/schemas/ApiErrorResponseDto",
                },
              },
            },
            "description": "",
          },
          "403": {
            "content": {
              "application/json": {
                "schema": {
                  "$ref": "#/components/schemas/ApiErrorResponseDto",
                },
              },
            },
            "description": "",
          },
          "409": {
            "content": {
              "application/json": {
                "schema": {
                  "$ref": "#/components/schemas/ApiErrorResponseDto",
                },
              },
            },
            "description": "",
          },
          "500": {
            "content": {
              "application/json": {
                "schema": {
                  "$ref": "#/components/schemas/ApiErrorResponseDto",
                },
              },
            },
            "description": "",
          },
        },
        "security": [
          {
            "access-token": [],
          },
        ],
        "tags": [
          "users",
        ],
      },
    },
    "/api/v1/users/me": {
      "get": {
        "operationId": "UsersController_getMe",
        "parameters": [],
        "responses": {
          "200": {
            "content": {
              "application/json": {
                "schema": {
                  "properties": {
                    "data": {
                      "$ref": "#/components/schemas/UserResponseDto",
                    },
                    "message": {
                      "example": "Request successful",
                      "type": "string",
                    },
                    "meta": {
                      "$ref": "#/components/schemas/ResponseMetaDto",
                    },
                    "success": {
                      "example": true,
                      "type": "boolean",
                    },
                  },
                  "required": [
                    "success",
                    "message",
                  ],
                  "type": "object",
                },
              },
            },
            "description": "Current user profile",
          },
          "400": {
            "content": {
              "application/json": {
                "schema": {
                  "$ref": "#/components/schemas/ApiErrorResponseDto",
                },
              },
            },
            "description": "",
          },
          "401": {
            "content": {
              "application/json": {
                "schema": {
                  "$ref": "#/components/schemas/ApiErrorResponseDto",
                },
              },
            },
            "description": "",
          },
          "403": {
            "content": {
              "application/json": {
                "schema": {
                  "$ref": "#/components/schemas/ApiErrorResponseDto",
                },
              },
            },
            "description": "",
          },
          "409": {
            "content": {
              "application/json": {
                "schema": {
                  "$ref": "#/components/schemas/ApiErrorResponseDto",
                },
              },
            },
            "description": "",
          },
          "500": {
            "content": {
              "application/json": {
                "schema": {
                  "$ref": "#/components/schemas/ApiErrorResponseDto",
                },
              },
            },
            "description": "",
          },
        },
        "security": [
          {
            "access-token": [],
          },
        ],
        "tags": [
          "users",
        ],
      },
    },
    "/api/v1/users/{id}": {
      "delete": {
        "operationId": "UsersController_delete",
        "parameters": [
          {
            "in": "path",
            "name": "id",
            "required": true,
            "schema": {
              "type": "string",
            },
          },
        ],
        "responses": {
          "200": {
            "content": {
              "application/json": {
                "schema": {
                  "properties": {
                    "data": {
                      "$ref": "#/components/schemas/LogoutResponseDto",
                    },
                    "message": {
                      "example": "Request successful",
                      "type": "string",
                    },
                    "meta": {
                      "$ref": "#/components/schemas/ResponseMetaDto",
                    },
                    "success": {
                      "example": true,
                      "type": "boolean",
                    },
                  },
                  "required": [
                    "success",
                    "message",
                  ],
                  "type": "object",
                },
              },
            },
            "description": "User deleted successfully",
          },
          "400": {
            "content": {
              "application/json": {
                "schema": {
                  "$ref": "#/components/schemas/ApiErrorResponseDto",
                },
              },
            },
            "description": "",
          },
          "401": {
            "content": {
              "application/json": {
                "schema": {
                  "$ref": "#/components/schemas/ApiErrorResponseDto",
                },
              },
            },
            "description": "",
          },
          "403": {
            "content": {
              "application/json": {
                "schema": {
                  "$ref": "#/components/schemas/ApiErrorResponseDto",
                },
              },
            },
            "description": "",
          },
          "409": {
            "content": {
              "application/json": {
                "schema": {
                  "$ref": "#/components/schemas/ApiErrorResponseDto",
                },
              },
            },
            "description": "",
          },
          "500": {
            "content": {
              "application/json": {
                "schema": {
                  "$ref": "#/components/schemas/ApiErrorResponseDto",
                },
              },
            },
            "description": "",
          },
        },
        "security": [
          {
            "access-token": [],
          },
        ],
        "tags": [
          "users",
        ],
      },
      "patch": {
        "operationId": "UsersController_update",
        "parameters": [
          {
            "in": "path",
            "name": "id",
            "required": true,
            "schema": {
              "type": "string",
            },
          },
        ],
        "requestBody": {
          "content": {
            "application/json": {
              "schema": {
                "$ref": "#/components/schemas/UpdateUserDto",
              },
            },
          },
          "required": true,
        },
        "responses": {
          "200": {
            "content": {
              "application/json": {
                "schema": {
                  "properties": {
                    "data": {
                      "$ref": "#/components/schemas/UserResponseDto",
                    },
                    "message": {
                      "example": "Request successful",
                      "type": "string",
                    },
                    "meta": {
                      "$ref": "#/components/schemas/ResponseMetaDto",
                    },
                    "success": {
                      "example": true,
                      "type": "boolean",
                    },
                  },
                  "required": [
                    "success",
                    "message",
                  ],
                  "type": "object",
                },
              },
            },
            "description": "Updated user profile",
          },
          "400": {
            "content": {
              "application/json": {
                "schema": {
                  "$ref": "#/components/schemas/ApiErrorResponseDto",
                },
              },
            },
            "description": "",
          },
          "401": {
            "content": {
              "application/json": {
                "schema": {
                  "$ref": "#/components/schemas/ApiErrorResponseDto",
                },
              },
            },
            "description": "",
          },
          "403": {
            "content": {
              "application/json": {
                "schema": {
                  "$ref": "#/components/schemas/ApiErrorResponseDto",
                },
              },
            },
            "description": "",
          },
          "409": {
            "content": {
              "application/json": {
                "schema": {
                  "$ref": "#/components/schemas/ApiErrorResponseDto",
                },
              },
            },
            "description": "",
          },
          "500": {
            "content": {
              "application/json": {
                "schema": {
                  "$ref": "#/components/schemas/ApiErrorResponseDto",
                },
              },
            },
            "description": "",
          },
        },
        "security": [
          {
            "access-token": [],
          },
        ],
        "tags": [
          "users",
        ],
      },
    },
    "/health": {
      "get": {
        "operationId": "HealthyController_deep",
        "parameters": [],
        "responses": {
          "200": {
            "content": {
              "application/json": {
                "schema": {
                  "properties": {
                    "details": {
                      "additionalProperties": {
                        "additionalProperties": true,
                        "properties": {
                          "status": {
                            "type": "string",
                          },
                        },
                        "required": [
                          "status",
                        ],
                        "type": "object",
                      },
                      "example": {
                        "database": {
                          "status": "up",
                        },
                      },
                      "type": "object",
                    },
                    "error": {
                      "additionalProperties": {
                        "additionalProperties": true,
                        "properties": {
                          "status": {
                            "type": "string",
                          },
                        },
                        "required": [
                          "status",
                        ],
                        "type": "object",
                      },
                      "example": {},
                      "nullable": true,
                      "type": "object",
                    },
                    "info": {
                      "additionalProperties": {
                        "additionalProperties": true,
                        "properties": {
                          "status": {
                            "type": "string",
                          },
                        },
                        "required": [
                          "status",
                        ],
                        "type": "object",
                      },
                      "example": {
                        "database": {
                          "status": "up",
                        },
                      },
                      "nullable": true,
                      "type": "object",
                    },
                    "status": {
                      "example": "ok",
                      "type": "string",
                    },
                  },
                  "type": "object",
                },
              },
            },
            "description": "Storage and optional OTLP checks passed

The Health Check is successful",
          },
          "503": {
            "content": {
              "application/json": {
                "schema": {
                  "properties": {
                    "details": {
                      "additionalProperties": {
                        "additionalProperties": true,
                        "properties": {
                          "status": {
                            "type": "string",
                          },
                        },
                        "required": [
                          "status",
                        ],
                        "type": "object",
                      },
                      "example": {
                        "database": {
                          "status": "up",
                        },
                        "redis": {
                          "message": "Could not connect",
                          "status": "down",
                        },
                      },
                      "type": "object",
                    },
                    "error": {
                      "additionalProperties": {
                        "additionalProperties": true,
                        "properties": {
                          "status": {
                            "type": "string",
                          },
                        },
                        "required": [
                          "status",
                        ],
                        "type": "object",
                      },
                      "example": {
                        "redis": {
                          "message": "Could not connect",
                          "status": "down",
                        },
                      },
                      "nullable": true,
                      "type": "object",
                    },
                    "info": {
                      "additionalProperties": {
                        "additionalProperties": true,
                        "properties": {
                          "status": {
                            "type": "string",
                          },
                        },
                        "required": [
                          "status",
                        ],
                        "type": "object",
                      },
                      "example": {
                        "database": {
                          "status": "up",
                        },
                      },
                      "nullable": true,
                      "type": "object",
                    },
                    "status": {
                      "example": "error",
                      "type": "string",
                    },
                  },
                  "type": "object",
                },
              },
            },
            "description": "One or more checks failed

The Health Check is not successful",
          },
        },
        "summary": "Deep health check",
        "tags": [
          "health",
        ],
      },
    },
    "/health/live": {
      "get": {
        "operationId": "HealthyController_live",
        "parameters": [],
        "responses": {
          "200": {
            "content": {
              "application/json": {
                "schema": {
                  "example": {
                    "status": "ok",
                  },
                },
              },
            },
            "description": "Process is alive",
          },
        },
        "summary": "Liveness probe",
        "tags": [
          "health",
        ],
      },
    },
    "/health/ready": {
      "get": {
        "operationId": "HealthyController_ready",
        "parameters": [],
        "responses": {
          "200": {
            "content": {
              "application/json": {
                "schema": {
                  "properties": {
                    "details": {
                      "additionalProperties": {
                        "additionalProperties": true,
                        "properties": {
                          "status": {
                            "type": "string",
                          },
                        },
                        "required": [
                          "status",
                        ],
                        "type": "object",
                      },
                      "example": {
                        "database": {
                          "status": "up",
                        },
                      },
                      "type": "object",
                    },
                    "error": {
                      "additionalProperties": {
                        "additionalProperties": true,
                        "properties": {
                          "status": {
                            "type": "string",
                          },
                        },
                        "required": [
                          "status",
                        ],
                        "type": "object",
                      },
                      "example": {},
                      "nullable": true,
                      "type": "object",
                    },
                    "info": {
                      "additionalProperties": {
                        "additionalProperties": true,
                        "properties": {
                          "status": {
                            "type": "string",
                          },
                        },
                        "required": [
                          "status",
                        ],
                        "type": "object",
                      },
                      "example": {
                        "database": {
                          "status": "up",
                        },
                      },
                      "nullable": true,
                      "type": "object",
                    },
                    "status": {
                      "example": "ok",
                      "type": "string",
                    },
                  },
                  "type": "object",
                },
              },
            },
            "description": "Dependencies are healthy

The Health Check is successful",
          },
          "503": {
            "content": {
              "application/json": {
                "schema": {
                  "properties": {
                    "details": {
                      "additionalProperties": {
                        "additionalProperties": true,
                        "properties": {
                          "status": {
                            "type": "string",
                          },
                        },
                        "required": [
                          "status",
                        ],
                        "type": "object",
                      },
                      "example": {
                        "database": {
                          "status": "up",
                        },
                        "redis": {
                          "message": "Could not connect",
                          "status": "down",
                        },
                      },
                      "type": "object",
                    },
                    "error": {
                      "additionalProperties": {
                        "additionalProperties": true,
                        "properties": {
                          "status": {
                            "type": "string",
                          },
                        },
                        "required": [
                          "status",
                        ],
                        "type": "object",
                      },
                      "example": {
                        "redis": {
                          "message": "Could not connect",
                          "status": "down",
                        },
                      },
                      "nullable": true,
                      "type": "object",
                    },
                    "info": {
                      "additionalProperties": {
                        "additionalProperties": true,
                        "properties": {
                          "status": {
                            "type": "string",
                          },
                        },
                        "required": [
                          "status",
                        ],
                        "type": "object",
                      },
                      "example": {
                        "database": {
                          "status": "up",
                        },
                      },
                      "nullable": true,
                      "type": "object",
                    },
                    "status": {
                      "example": "error",
                      "type": "string",
                    },
                  },
                  "type": "object",
                },
              },
            },
            "description": "Database unavailable or server is shutting down

The Health Check is not successful",
          },
        },
        "summary": "Readiness probe",
        "tags": [
          "health",
        ],
      },
    },
  },
  "servers": undefined,
  "tags": [
    {
      "description": "Authentication and session management",
      "name": "auth",
    },
    {
      "description": "User profiles and administration",
      "name": "users",
    },
    {
      "description": "Administrative operations",
      "name": "admin",
    },
    {
      "description": "Service-to-service endpoints",
      "name": "internal",
    },
    {
      "description": "File uploads",
      "name": "files",
    },
    {
      "description": "Health probes for orchestrators and load balancers",
      "name": "health",
    },
  ],
}
`;
